=== by-reference.test.sh ===

  PASS  0a.baseline-correct-install-is-green
  PASS  0b.baseline-every-BR-layer-actually-ran
  PASS  0c.by-reference-install-does-not-run-the-seated-layers
  PASS  0d.seated-install-runs-the-seated-layers-not-the-BR-set
  PASS  0e.R4-does-not-demand-the-seated-registration-from-a-by-reference-entity
  PASS  1a.BR1-missing-plugin-manifest
  PASS  1b.BR1-manifest-without-a-name
  PASS  2a.BR2-missing-hook-table
  PASS  2b.BR2-guard-not-registered
  PASS  2c.BR2-guard-registered-twice
  PASS  2c2.BR2-manifest-rule-listed-twice
  PASS  2c3.BR2-manifest-rule-deleted
  PASS  2d.BR2-agent-chain-out-of-order
  PASS  2e.BR2-guard-on-the-wrong-event
  PASS  2f.BR2-guard-wired-but-not-declared-in-the-managed-set
  PASS  2f2.a-tenth-agent-hook-registered-and-declared-is-GREEN
  PASS  2f2b.the-tenth-hook-is-COUNTED-by-BR2-not-silently-skipped
  PASS  2g.BR2-session-banner-inventory-disagrees-with-the-hook-table
  PASS  2h.BR2-guard-inventory-library-missing
  PASS  3a.BR3-absolute-path-instead-of-plugin-root
  PASS  3b.BR3-CLAUDE_PROJECT_DIR-for-an-engine-asset
  PASS  3c.BR3-escapes-the-plugin-root
  PASS  4a.BR4-registered-script-not-on-disk
  PASS  4b.BR4-registered-script-not-executable
  PASS  4c.BR4-script-modified-since-install
  PASS  4d.BR4-absent-sidecar-is-named-not-waved-through
  PASS  4e.BR4-absent-sidecar-does-not-claim-hash-matched
  PASS  5a.BR5-declared-role-file-missing
  PASS  5b.BR5-declared-role-escapes-the-plugin-root
  PASS  5c.BR5-declared-directory-with-subdirs-ships-phantom-roles
  PASS  5d.BR5-declared-role-without-frontmatter
  PASS  6a.BR6-plugin-not-enabled-anywhere
  PASS  6b.BR6-plugin-registered-but-disabled
  PASS  6c.BR6-enabled-plugin-resolves-elsewhere
  PASS  6d.BR6b-pointer-resolves-to-a-non-engine
  PASS  6e.BR6b-pointer-disagrees-with-the-audited-engine
  PASS  6f.BR6b-dangling-pointer-is-not-reported-as-absent
  PASS  6g.BR6b-absent-pointer-is-a-named-warning-not-a-failure
  PASS  6h.BR6b-absent-pointer-does-not-claim-agreement
  PASS  10a.BR10-AGENT_TEAMS-flag-missing
  PASS  10b.BR10-worktree-baseRef-missing
  PASS  10c.BR10-AGENT_TEAMS-flag-present-but-off
  PASS  10d.BR10-baseRef-pointing-at-the-wrong-ref
  PASS  10e.BR10-entity-has-no-settings-file-at-all
  PASS  10f.BR10-a-correct-entity-config-passes
  PASS  7a.BR7-marketplace-manifest-untracked-and-ignored
  PASS  7b.BR7-no-marketplace-manifest-at-all
  PASS  8a.BR8-announcement-that-reaches-only-the-model-is-a-failure
  PASS  8b.BR8-status-hook-that-always-says-ACTIVE-is-caught
  PASS  9a.BR9-guard-gutted-into-a-no-op-is-caught
  PASS  9b.BR9-guard-that-blocks-everything-is-caught
  PASS  9c.BR9-guard-that-never-reads-the-roster-is-caught
  PASS  10.the-operator-global-state-is-unchanged-by-this-suite

=== by-reference.test.sh: all 53 passed ===
