PASS: accept-stale-panel-question fails panel_continue_is_bounded_durable_idempotent_and_scoped_to_one_question
PASS: continue-grants-business-authority fails panel_business_answer_is_verbatim_and_generic_continue_cannot_authorize_it
PASS: drop-panel-correction-from-verifier fails panel_scope_change_preserves_contract_and_rechecks_before_execution
PASS: abandon-interrupted-independent-task fails answering_a_panel_decision_reconciles_interrupted_independent_work
PASS: accept-without-passing-checks fails ending_a_turn_cannot_complete_failed_work_and_the_controller_continues
PASS: ignore-attempt-budget fails failed_checks_exhaust_budget_without_running_dependents_or_claiming_completion
PASS: replay-interrupted-work fails interrupted_execution_is_not_replayed_on_restart_and_a_torn_append_is_recovered
PASS: remove-writer-lock fails a_second_controller_cannot_dispatch_duplicate_work_and_status_reads_do_not_recover_live_tasks
PASS: hide-managed-output fails desktop_adapter_uses_real_scoped_spine_turns_and_external_verification
PASS: autoapprove-managed-permissions fails managed_native_transport_loads_settings_and_denies_unapproved_tools
PASS: strip-managed-settings fails managed_native_transport_loads_settings_and_denies_unapproved_tools
PASS: require-workspace-for-recovery fails unavailable_workspace_can_be_inspected_and_ended_but_never_executed
PASS: ignore-resource-ceiling fails recovery_checkpoints_charge_real_cycles_and_stop_at_resource_decision
PASS: skip-recovery-checkpoint fails recovery_checkpoints_charge_real_cycles_and_stop_at_resource_decision
PASS: reexecute-broken-review fails review_only_failures_exhaust_the_same_persisted_resource_budget
PASS: trust-inconsistent-registration fails discussion_cannot_discard_commitment_but_rich_cannot_veto_authorized_work
PASS: drop-verbatim-request fails the_contract_preserves_every_byte_including_negative_constraints_and_tail
PASS: reprime-before-every-report fails rich_keeps_voice_and_reports_without_registration_or_redundant_priming
PASS: reject-markdown-whitespace fails markdown_quote_provenance_tolerates_whitespace_but_preserves_full_contract
PASS: trust-invented-quotes fails quotes_cannot_stitch_passages_change_negation_or_borrow_another_message
20/20 behavioral mutations killed.
