warning: constant `OVERRIDE_ENV` is never used
   --> src/activation.rs:346:11
    |
346 | pub const OVERRIDE_ENV: &str = "RICHOS_ACTIVATION";
    |           ^^^^^^^^^^^^
    |
    = note: `#[warn(dead_code)]` (part of `#[warn(unused)]`) on by default

warning: constant `OVERRIDE_REGULAR` is never used
   --> src/activation.rs:348:11
    |
348 | pub const OVERRIDE_REGULAR: &str = "regular";
    |           ^^^^^^^^^^^^^^^^

warning: `richos-tauri` (bin "richos-tauri" test) generated 2 warnings
    Finished `test` profile [unoptimized + debuginfo] target(s) in 0.58s
     Running unittests src/main.rs (app/src-tauri/target/debug/deps/richos_tauri-8aa299a8852d779c)

running 3 tests
test owned_work::pending_instruction_tests::newer_unclassified_instruction_fences_recovery_but_other_company_does_not ... ok
test owned_work::pending_instruction_tests::pending_correction_supersedes_original_without_losing_its_prohibition ... ok
test owned_work::pending_instruction_tests::pending_cancellation_is_targetable_and_durable_before_recovery ... ok

test result: ok. 3 passed; 0 failed; 0 ignored; 0 measured; 69 filtered out; finished in 0.09s
