
=== A. the predicate: which item was a question about? ===
  PASS  A1. a real Apple-signing question matches item 1.1
  PASS  A2. 'what should we work on next' matches NOTHING
  PASS  A3. a near miss that borrows two of an item's words still matches NOTHING
  PASS  A4. naming an item by its id matches it
  PASS  A5. an item in a CEO section in the BLOCKED-ON-RICH state is NOT prepared (3 of 4 count)

=== B. the witness: only a real AskUserQuestion call writes a record ===
  PASS  B1. a real question about 1.1 is witnessed as 1.1 and discharges
  PASS  B2. a junk question is witnessed as UNMATCHED and discharges nothing
  PASS  B3. a WORKER's matching question is recorded and discharges nothing
  PASS  B4. a payload for another tool writes nothing at all
  PASS  B5. a two-question call is witnessed as two records, one per item

=== C. the gate: a teammate dispatch while he has not been asked ===
  PASS  C1. an unasked prepared item BLOCKS the dispatch and names the item
  PASS  C1b. the refusal says how to discharge it — with AskUserQuestion
  PASS  C2. one prepared item actually asked opens the gate for the session
  PASS  C3. A JUNK QUESTION DISCHARGES NOTHING — the gate is still closed after it
  PASS  C4. a WORKER's matching question does not open the gate for the lead
  PASS  C5. a question asked in ANOTHER session does not open this session's gate
  PASS  C6. the 'ceo-todos-deferred:' prompt line permits the dispatch and is logged
  PASS  C7. a bare 'ceo-todos-deferred:' with no reason does NOT permit the dispatch
  PASS  C8. a payload for another tool passes untouched
  PASS  C9. NOT-DECLARED: a seat with no CEO list stands down, silently
  PASS  C10. BROKEN: a declared list that is not on disk FAILS OPEN and says so
  PASS  C11. NOTHING PREPARED: a list of unprepared items blocks nothing

=== D. the Stop notice: a turn does not end quietly ===
  PASS  D1. an unasked item ends the turn with a named item on the operator channel
  PASS  D1b. it is rendered as a QUESTION, not as a count
  PASS  D2. the same unchanged set is announced ONCE, not under every turn
  PASS  D3. asking one item changes the set, so the notice speaks again with the next one
  PASS  D4. a declared-but-unreadable list is announced LOUDLY at turn end, and never blocks

=== E. session start: his question, not a count of his questions ===
  PASS  E1. it announces on BOTH channels — the operator's and the model's
  PASS  E2. it names the top item rather than counting the items
  PASS  E4. startup accurately explains authorized deferral without fabricating an answer
  PASS  E3. a repository with no CEO list is announced not at all

=== F. the CLI face gives the same verdict the hooks give ===
  PASS  F1. ceo-asks-status.sh exits 1 and reports OPEN when he has not been asked
  PASS  F2. ...and 0/SATISFIED for the session in which he was

=== G. the wiring: registered, hashed, and rooted like its siblings ===
  PASS  G1. notice-ceo-asks.sh is registered exactly once in hooks/hooks.json
  PASS  G1. guard-ceo-ask-first.sh is registered exactly once in hooks/hooks.json
  PASS  G1. notice-ceo-unasked.sh is registered exactly once in hooks/hooks.json
  PASS  G1. session-start-ceo-ask.sh is registered exactly once in hooks/hooks.json
  PASS  G2. notice-ceo-asks is declared in contract-integrity-probe.sh
  PASS  G2. guard-ceo-ask-first is declared in contract-integrity-probe.sh
  PASS  G2. notice-ceo-unasked is declared in contract-integrity-probe.sh
  PASS  G2. session-start-ceo-ask is declared in contract-integrity-probe.sh
  PASS  G3. notice-ceo-asks.sh carries the byte-identical root-resolution bootstrap
  PASS  G3. guard-ceo-ask-first.sh carries the byte-identical root-resolution bootstrap
  PASS  G3. notice-ceo-unasked.sh carries the byte-identical root-resolution bootstrap
  PASS  G3. session-start-ceo-ask.sh carries the byte-identical root-resolution bootstrap
  PASS  G4. scripts/lib/ceo-asks.sh is sidecar-hashed by install.sh
  PASS  G4. scripts/lib/ceo-asks.py is sidecar-hashed by install.sh
  PASS  G4. scripts/lib/owned-work-policy.sh is sidecar-hashed by install.sh
  PASS  G4. scripts/lib/owned-dispatch.py is sidecar-hashed by install.sh
  PASS  G4. scripts/lib/owned-session.py is sidecar-hashed by install.sh
  PASS  OWN-REGISTER. first scope registration provides host-owned work selectors
  PASS  OWN1. registered independent dispatch receives its host-owned brief
  PASS  OWN2. pending decision stays visible without a question quota
  PASS  OWN3. Stop retains a named nonblocking pending-decision reminder
  PASS  OWN4. unadopted repositories retain existing policy
  PASS  OWN10. asked but unresolved decisions remain OPEN in the status CLI
  PASS  OWN11. an ask receipt cannot hide a pending decision reminder
  PASS  OWN12. unchanged pending reminder is deduplicated without blocking
  PASS  OWN-CFG1. invalid adoption retains the existing deferral behavior and receipt
  PASS  OWN-CFG2. invalid adoption retains the existing deferral behavior and receipt
  PASS  OWN-CFG3. invalid adoption retains the existing deferral behavior and receipt
  PASS  OWN-CFG4. invalid adoption retains the existing deferral behavior and receipt
  PASS  OWN-CFG5. invalid adoption retains the existing deferral behavior and receipt
  PASS  OWN-CFG6. invalid adoption retains the existing deferral behavior and receipt
  PASS  OWN-CFG7. invalid adoption retains the existing deferral behavior and receipt
  PASS  OWN-CFG8. invalid adoption retains the existing deferral behavior and receipt
  PASS  OWN-CFG9. invalid adoption retains the existing deferral behavior and receipt
test_assistant_and_injected_messages_do_not_reregister (__main__.DispatchHost.test_assistant_and_injected_messages_do_not_reregister) ... ok
test_changed_revision_outage_preserves_ledger_and_paces_retry (__main__.DispatchHost.test_changed_revision_outage_preserves_ledger_and_paces_retry) ... ok
test_child_requires_exact_leader_transcript_binding (__main__.DispatchHost.test_child_requires_exact_leader_transcript_binding) ... ok
test_cli_recovery_pending_is_not_an_integration_or_ceo_problem (__main__.DispatchHost.test_cli_recovery_pending_is_not_an_integration_or_ceo_problem) ... ok
test_cli_returns_concrete_host_guidance_for_invalid_brief (__main__.DispatchHost.test_cli_returns_concrete_host_guidance_for_invalid_brief) ... ok
test_conflicting_selector_anywhere_in_operational_brief_is_rejected (__main__.DispatchHost.test_conflicting_selector_anywhere_in_operational_brief_is_rejected) ... ok
test_constraints_outside_authority_excerpt_survive_without_source_tail (__main__.DispatchHost.test_constraints_outside_authority_excerpt_survive_without_source_tail) ... ok
test_first_ordinary_prompt_reports_selection_not_broken_integration (__main__.DispatchHost.test_first_ordinary_prompt_reports_selection_not_broken_integration) ... ok
test_large_multitopic_source_is_archived_not_pasted_into_each_spawn (__main__.DispatchHost.test_large_multitopic_source_is_archived_not_pasted_into_each_spawn) ... ok
test_mixed_human_row_cannot_authorize_by_dropping_prohibition (__main__.DispatchHost.test_mixed_human_row_cannot_authorize_by_dropping_prohibition) ... ok
test_model_mutating_sources_cannot_publish_stale_registration (__main__.DispatchHost.test_model_mutating_sources_cannot_publish_stale_registration) ... ok
test_new_human_instruction_changes_revision_and_blocks_stale_selector (__main__.DispatchHost.test_new_human_instruction_changes_revision_and_blocks_stale_selector) ... ok
test_new_mixed_human_constraint_invalidates_existing_selector (__main__.DispatchHost.test_new_mixed_human_constraint_invalidates_existing_selector) ... ok
test_nonzero_registrar_json_is_not_authority (__main__.DispatchHost.test_nonzero_registrar_json_is_not_authority) ... ok
test_operational_brief_survives_under_registered_scope (__main__.DispatchHost.test_operational_brief_survives_under_registered_scope) ... ok
test_oversize_operational_brief_or_registered_scope_denied_without_trimming (__main__.DispatchHost.test_oversize_operational_brief_or_registered_scope_denied_without_trimming) ... ok
test_oversized_cached_scope_repairs_once_from_unchanged_original_authority (__main__.DispatchHost.test_oversized_cached_scope_repairs_once_from_unchanged_original_authority) ... ok
test_pending_hook_cancellation_fences_cached_dispatch_without_new_model (__main__.DispatchHost.test_pending_hook_cancellation_fences_cached_dispatch_without_new_model) ... ok
test_pending_hook_during_registration_cannot_publish_old_scope (__main__.DispatchHost.test_pending_hook_during_registration_cannot_publish_old_scope) ... ok
test_pending_scope_is_not_selectable_but_independent_work_is (__main__.DispatchHost.test_pending_scope_is_not_selectable_but_independent_work_is) ... ok
test_permitted_dispatch_leaves_exact_work_receipt (__main__.DispatchHost.test_permitted_dispatch_leaves_exact_work_receipt) ... ok
test_punctuation_cannot_hide_conflicting_or_extended_selector (__main__.DispatchHost.test_punctuation_cannot_hide_conflicting_or_extended_selector) ... ok
test_real_source_failure_keeps_unverified_feedback (__main__.DispatchHost.test_real_source_failure_keeps_unverified_feedback) ... ok
test_recovered_assignment_waits_for_independent_review (__main__.DispatchHost.test_recovered_assignment_waits_for_independent_review) ... ok
test_registration_once_then_many_dispatches_without_model (__main__.DispatchHost.test_registration_once_then_many_dispatches_without_model) ... ok
test_registration_rejects_forged_or_uncited_authority (__main__.DispatchHost.test_registration_rejects_forged_or_uncited_authority) ... ok
test_registration_rejects_hook_or_assistant_authority (__main__.DispatchHost.test_registration_rejects_hook_or_assistant_authority) ... ok
test_repeated_oversized_registrar_result_is_held_and_paced (__main__.DispatchHost.test_repeated_oversized_registrar_result_is_held_and_paced) ... ok
test_revoked_old_id_cannot_select_new_independent_registration (__main__.DispatchHost.test_revoked_old_id_cannot_select_new_independent_registration) ... ok
test_runner_outage_does_not_revoke_unchanged_registered_work (__main__.DispatchHost.test_runner_outage_does_not_revoke_unchanged_registered_work) ... ok
test_same_selector_prose_punctuation_preserves_brief_and_exact_first_line (__main__.DispatchHost.test_same_selector_prose_punctuation_preserves_brief_and_exact_first_line) ... ok
test_selector_cannot_smuggle_proposed_brief (__main__.DispatchHost.test_selector_cannot_smuggle_proposed_brief) ... ok
test_verified_scope_survives_compaction (__main__.DispatchHost.test_verified_scope_survives_compaction) ... ok

----------------------------------------------------------------------
Ran 33 tests in 0.219s

OK

=== running the mutation harness: ceo-asks.mutation.sh ===
=== the CEO-ask gate: every property, proven load-bearing by removing it ===
  PASS  everything-matches — removing it turns C3.  red
  PASS  worker-discharges — removing it turns C4.  red
  PASS  no-session-filter — removing it turns C5.  red
  PASS  blocked-counts-as-prepared — removing it turns A5.  red
  PASS  gate-does-not-block — removing it turns C1.  red
  PASS  no-escape-hatch — removing it turns C6.  red
  PASS  bare-defer-permits — removing it turns C7.  red
  PASS  broken-fails-closed — removing it turns C10.  red
  PASS  no-ledger-write — removing it turns B1.  red
  PASS  notice-counts-not-names — removing it turns D1.  red
  PASS  notice-blocks-the-turn — removing it turns D1.  red
  PASS  broken-list-is-quiet — removing it turns D4.  red
  PASS  session-start-silent — removing it turns E2.  red
  PASS  policy-wrong-version — removing it turns OWN-CFG1. red
  PASS  policy-boolean-version — removing it turns OWN-CFG3. red
  PASS  policy-disabled-accepted — removing it turns OWN-CFG4. red
  PASS  policy-wrong-decision-field — removing it turns OWN-CFG7. red
  PASS  registrar-nonzero-json-trusted — removing it turns test_nonzero_registrar_json_is_not_authority red
  PASS  dispatch-success-receipt-dropped — removing it turns test_permitted_dispatch_leaves_exact_work_receipt red
  PASS  arbitrary-brief-selector-accepted — removing it turns test_selector_cannot_smuggle_proposed_brief red
  PASS  authority-provenance-ignored — removing it turns test_registration_rejects_hook_or_assistant_authority red
  PASS  quote-membership-ignored — removing it turns test_registration_rejects_forged_or_uncited_authority red
  PASS  registration-source-race-ignored — removing it turns test_model_mutating_sources_cannot_publish_stale_registration red
  PASS  registration-cache-disabled — removing it turns test_registration_once_then_many_dispatches_without_model red
  PASS  adopted-reminder-silent — removing it turns OWN3. red
  PASS  ask-receipt-clears-pending-notice — removing it turns OWN11. red
  PASS  ask-receipt-clears-pending-status — removing it turns OWN10. red

  27/27 properties proven load-bearing

  67/67 cases passed
