   Compiling richos-tauri v1.2.0 (/Users/alex/ab/richos/richos/app/src-tauri)
   Compiling richos-core v0.1.0 (/Users/alex/ab/richos/richos/app/crates/richos-core)
warning: constant `OVERRIDE_ENV` is never used
   --> src/activation.rs:346:11
    |
346 | pub const OVERRIDE_ENV: &str = "RICHOS_ACTIVATION";
    |           ^^^^^^^^^^^^
    |
    = note: `#[warn(dead_code)]` (part of `#[warn(unused)]`) on by default

warning: constant `OVERRIDE_REGULAR` is never used
   --> src/activation.rs:348:11
    |
348 | pub const OVERRIDE_REGULAR: &str = "regular";
    |           ^^^^^^^^^^^^^^^^

warning: `richos-tauri` (bin "richos-tauri" test) generated 2 warnings
    Finished `test` profile [unoptimized + debuginfo] target(s) in 36.53s
     Running unittests src/main.rs (src-tauri/target/debug/deps/richos_tauri-cb20e619c5c6409d)

running 98 tests
test activation::tests::a_bundle_belonging_to_some_other_app_is_not_this_one ... ok
test activation::tests::a_cargo_built_binary_never_takes_the_screen ... ok
test activation::tests::a_harness_booting_the_real_install_is_still_accessory ... ok
test activation::tests::a_redirected_data_directory_never_takes_the_screen ... ok
test activation::tests::a_scratch_home_takes_the_screen_only_if_it_is_the_real_one ... ok
test activation::tests::an_unrecognized_override_value_decides_nothing ... ok
test activation::tests::bundle_root_reads_the_macos_layout_and_nothing_else ... ok
test activation::tests::his_own_double_click_still_comes_to_the_front ... ok
test activation::tests::no_home_is_not_an_installed_launch ... ok
test activation::tests::the_accessory_line_tells_its_reader_what_happened_and_what_to_do ... ok
test activation::tests::the_identifier_is_read_out_of_a_real_info_plist ... ok
test activation::tests::the_override_answers_in_both_directions ... ok
test activation::tests::the_regular_line_says_so_on_one_line ... ok
test engine::grouped_checkout_resolves_from_root_docs_and_app ... ok
test engine::tests::a_directory_called_engine_that_is_not_an_engine_is_not_accepted ... ok
test engine::tests::a_moved_config_directory_moves_the_install_pointer ... ok
test engine::tests::an_explicit_override_wins_and_does_not_fall_through_when_it_is_wrong ... ok
test engine::tests::a_bundle_that_carries_its_own_engine_prefers_it_over_the_host ... ok
test engine::tests::a_failed_resolution_carries_every_place_it_looked ... ok
test engine::tests::a_bundle_built_inside_the_repo_resolves_from_the_executable_with_cwd_root ... ok
test engine::tests::cwd_root_never_yields_a_relative_parent_expression ... ok
test entity_choice_tests::a_colliding_name_gets_a_distinct_id_rather_than_a_refusal ... ok
test entity_choice_tests::a_folder_that_is_not_there_is_refused_in_words_he_can_act_on ... ok
test entity_choice_tests::a_launch_from_inside_a_registered_folder_still_resolves_by_containment ... ok
test entity_choice_tests::a_launch_with_no_working_directory_at_all_still_fails_closed ... ok
test entity_choice_tests::a_saved_choice_answers_the_launch_the_working_directory_cannot ... ok
test engine::tests::the_sibling_of_app_dogfood_layout_still_resolves_from_the_working_directory ... ok
test entity_choice_tests::a_stale_saved_choice_is_named_and_falls_through_to_containment ... ok
test entity_choice_tests::an_explicit_environment_value_outranks_a_saved_choice ... ok
test entity_choice_tests::an_id_is_derived_from_the_name_he_typed_and_never_asked_of_him ... ok
test engine::tests::a_double_clicked_bundle_with_cwd_root_and_no_environment_still_finds_an_installed_engine ... ok
test entity_choice_tests::an_unregistered_company_is_refused_rather_than_invented ... ok
test entity_choice_tests::an_unregistered_environment_value_refuses_and_never_falls_through ... ok
test entity_choice_tests::an_empty_ledger_migrates_nothing_so_a_fresh_user_is_asked_rather_than_seeded ... ok
test entity_choice_tests::choosing_a_company_puts_him_in_a_thread_without_a_relaunch ... ok
test entity_choice_tests::the_gui_launch_resolves_nothing_and_says_which_root_it_refused ... ok
test entity_choice_tests::nothing_chosen_and_nothing_resolved_still_refuses_every_send ... ok
test engine::tests::the_ancestor_walk_is_bounded ... ok
test entity_choice_tests::the_migration_reads_the_ids_the_ledger_already_uses_and_invents_nothing ... ok
test nav::tests::a_corrupt_file_degrades_to_defaults_instead_of_refusing_to_launch ... ok
test entity_choice_tests::the_choice_is_still_in_force_on_the_next_boot_with_the_same_empty_environment ... ok
test entity_choice_tests::changing_the_company_never_rehomes_or_leaves_an_open_conversation ... ok
test nav::tests::a_preferences_file_written_before_the_inspector_existed_still_loads ... ok
test lease_gate_tests::the_lease_gate_is_never_a_cached_boolean ... ok
test ipc_responsiveness_tests::synchronous_commands_never_run_on_the_native_event_loop ... ok
test navigation_tests::an_unbound_thread_reports_no_turn_state_because_its_turns_are_not_readable ... ok
test navigation_tests::search_finds_titles_and_entities_but_never_an_unbound_threads_contents ... ok
test navigation_tests::pin_rename_and_archive_move_the_row_without_touching_the_entity_home ... ok
test navigation_tests::search_folding_is_index_aligned_so_excerpts_are_not_sliced_in_the_wrong_place ... ok
test nav::tests::width_survives_relaunch ... ok
test navigation_tests::create_thread_in_refuses_an_unregistered_entity_rather_than_inventing_one ... ok
test setup_view::tests::a_blocked_build_says_what_the_sheet_says ... ok
test nav::tests::blank_rename_clears_the_override_rather_than_storing_a_nameless_row ... ok
test setup_view::tests::the_consent_sheet_says_he_still_needs_his_own_account ... ok
test navigation_tests::the_real_pre_entity_thread_lands_in_unbound_and_in_no_entity_group ... ok
test setup_view::tests::no_progress_line_carries_a_path_or_a_version ... ok
test setup_view::tests::the_unpinned_sentence_is_the_error_it_stands_for ... ok
test setup_view::tests::a_complete_machine_has_no_setup_sentence ... ok
test setup_view::tests::it_names_what_is_missing_and_offers_the_setting_up ... ok
test setup_view::tests::a_machine_missing_something_is_never_told_to_restart ... ok
test startup_alert::tests::a_panic_summary_keeps_the_location_and_flattens_to_one_line ... ok
test startup_alert::tests::a_report_that_could_not_be_written_says_so_rather_than_naming_nothing ... ok
test startup_alert::tests::the_alert_is_armed_by_the_installed_launch_rule_and_by_nothing_else ... ok
test startup_alert::tests::an_unreadable_executable_path_is_named_and_not_omitted ... ok
test startup_alert::tests::the_corefoundation_scalar_types_are_the_widths_the_abi_declares ... ok
test startup_alert::tests::the_log_entry_carries_what_an_engineer_needs_afterwards ... ok
test startup_alert::tests::the_log_lands_where_console_app_looks_and_has_a_home_free_fallback ... ok
test startup_alert::tests::the_message_names_the_log_so_the_person_can_be_sent_to_it ... ok
test startup_alert::tests::the_stamp_agrees_with_dates_computed_by_hand ... ok
test updates::tests::a_minisign_failure_is_classified_as_a_signature_failure_and_nothing_else ... ok
test updates::tests::a_real_endpoint_opens_as_idle_with_nothing_claimed_about_it ... ok
test updates::tests::the_committed_placeholder_endpoint_opens_as_unconfigured ... ok
test nav::tests::pin_and_archive_are_idempotent_sets ... ok
test updates::tests::an_unreachable_server_is_offline_and_a_bad_manifest_is_not ... ok
test window_geometry::tests::a_corrupt_saved_record_is_ignored ... ok
test updates::tests::update_operation_excludes_another_thread_and_releases_on_failure ... ok
test window_geometry::tests::a_flush_window_is_not_thrown_away_by_rounding ... ok
test nav::tests::width_is_clamped_to_the_ux_shell_bounds_in_rust_not_only_in_css ... ok
test window_geometry::tests::a_geometry_on_a_display_that_shrank_is_discarded ... ok
test window_geometry::tests::a_geometry_on_a_vanished_display_is_discarded_not_clamped ... ok
test window_geometry::tests::a_geometry_stranded_by_a_rearranged_desk_is_discarded ... ok
test window_geometry::tests::a_geometry_that_still_fits_is_restored_verbatim ... ok
test window_geometry::tests::a_large_display_is_capped_by_the_preference_not_filled ... ok
test window_geometry::tests::a_retina_display_is_measured_in_points_not_pixels ... ok
test window_geometry::tests::an_impossible_scale_factor_degrades_to_one ... ok
test window_geometry::tests::an_unusable_preference_falls_back_to_the_documented_default ... ok
test window_geometry::tests::each_display_is_divided_by_its_own_scale_factor ... ok
test window_geometry::tests::every_inset_model_still_fits ... ok
test window_geometry::tests::the_config_still_declares_the_preference_this_module_defaults_to ... ok
test window_geometry::tests::the_main_landscape_display_still_gets_the_preferred_size ... ok
test window_geometry::tests::the_minimum_never_exceeds_what_the_display_can_show ... ok
test window_geometry::tests::no_display_size_produces_an_off_screen_window ... ok
test window_geometry::tests::the_portrait_display_gets_a_window_that_fits_it ... ok
test window_geometry::tests::the_second_landscape_display_also_gets_the_preferred_size ... ok
test window_geometry::tests::with_no_readable_display_the_constant_is_the_last_resort ... ok
test nav::tests::the_inspector_width_is_its_own_number_clamped_and_durable ... ok
test window_geometry::tests::the_store_round_trips_and_writes_only_on_a_change ... ok
test navigation_tests::a_ten_thousand_entity_index_stays_searchable_and_the_result_stays_bounded ... ok

test result: ok. 98 passed; 0 failed; 0 ignored; 0 measured; 0 filtered out; finished in 2.91s

