=== reconcile-terminal-worktrees (the persistent reconciler): every property, proven load-bearing by removing it ===
  PASS  ignored-evidence-dropped — removing it turns "C07" red  [1m24.4s]
  PASS  disposable-policy-ignored — removing it turns "C08" red  [1m22.6s]
  PASS  staged-blob-not-archived — removing it turns "C09" red  [1m23.1s]
  PASS  verification-skipped — removing it turns "C18" red  [1m18.0s]
  PASS  settle-not-required — removing it turns "C16" red  [1m24.2s]
  PASS  writers-not-killed — removing it turns "C14" red  [1m01.0s]
  PASS  residue-ownership-ignored — removing it turns "C15" red  [1m25.1s]
  PASS  status-exit-always-zero — removing it turns "C42" red  [1m20.8s]
  PASS  grace-ignored — removing it turns "C26" red  [2m44.5s]
  PASS  fallback-never-built — removing it turns "C27" red  [2m31.9s]
  PASS  start-only-native-dropped — removing it turns "C28b" red  [2m35.1s]
  PASS  tombstone-dropped — removing it turns "C28a" red  [2m47.5s]
  PASS  native-gone-backstop-blind — removing it turns "C39" red  [2m38.8s]
  PASS  native-gone-backstop-trigger-happy — removing it turns "C40" red  [2m49.1s]
  PASS  foreign-original-misclassified — removing it turns "C45" red  [2m41.0s]
  PASS  drift-parked-as-failed — removing it turns "C44" red  [3m08.6s]
  PASS  backoff-ignored — removing it turns "C42" red  [2m23.9s]
  PASS  legacy-failed-parked — removing it turns "C46" red  [2m20.4s]
  PASS  unregistered-native-parked — removing it turns "C43" red  [2m20.0s]
  PASS  native-missing-not-in-done — removing it turns "C47b" red  [2m15.4s]
  PASS  native-presence-unexamined — removing it turns "C47b" red  [2m14.0s]
  PASS  index-failure-swallowed — removing it turns "C29" red  [2m11.6s]
  PASS  missing-blob-accepted — removing it turns "C31" red  [2m11.1s]
  PASS  symlink-target-unchecked — removing it turns "C32" red  [2m00.8s]
  PASS  mode-unchecked — removing it turns "C33" red  [1m09.6s]
  PASS  artifacts-not-private — removing it turns "C34" red  [1m08.8s]
  PASS  budget-ignored — removing it turns "C23" red  [1m06.1s]
  PASS  verified-erasure-reintroduced — removing it turns "C02" red  [1m05.3s]
  PASS  unregistered-erasure-reintroduced — removing it turns "C49" red  [1m04.4s]
  PASS  capture-expiry-reintroduced — removing it turns "C35" red  [1m02.8s]
  [30 mutant(s), 8 at a time, wall 7m25.4s, slowest 3m08.6s drift-parked-as-failed, 7.7x serial]

=== mutation: all 30 properties proven load-bearing ===
