2026-10-08T14:31:08Z dictation tool started: version 1.2.0-dev.4c19a1b7f.dirty, key F1, accuracy large-v3-turbo-q5_0, as the app's child, the key held at /private/tmp/richos-501/dictation.sock
2026-10-08T14:31:08Z whisper-cli from the app's runtime at /Users/admin/testvm/walk-c409831e46f9/engine/runtime/bin
2026-10-08T14:31:09Z dictation-bar window: nonactivating panel, activation prevented at the window server
2026-10-08T14:31:09Z dictation-flight window: nonactivating panel, activation prevented at the window server
2026-10-08T14:31:09Z dictation-menu window: nonactivating panel, activation prevented at the window server
2026-10-08T14:31:09Z the bar, the flight and the menu windows are built as the panel type
2026-10-08T14:31:09Z key tap created for F1
2026-10-08T14:31:09Z an app connected: version 1.2.0-dev.4c19a1b7f.dirty, /Users/admin/testvm/walk-c409831e46f9/RichOS.app, data folder /Users/admin/testvm/walk-c409831e46f9/home/Library/Application Support/com.richos.app
2026-10-08T14:31:09Z menu bar item at 1438,0 34x24
2026-10-08T14:31:09Z the flight page is ready
2026-10-08T14:31:09Z the bar page is ready
2026-10-08T14:31:09Z the menu page is ready
2026-10-08T14:33:44Z will-listen sent to 1 app(s); the microphone waits for their answer
2026-10-08T14:33:44Z every app (1) yielded the microphone
2026-10-08T14:33:44Z listening (injected wav (/Users/admin/testvm/walk-c409831e46f9/home/dictation-sample.wav))
2026-10-08T14:33:44Z bar shown: listening at 579,817 523x138
2026-10-08T14:33:48Z bar shown: writing at 692,817 296x138
2026-10-08T14:34:13Z dictation: model large-v3-turbo-q5_0, 3.54 s of audio, written in 25073 ms, pasted; into com.google.Chrome (from the workspace), focused element none (-25212) (asked system-wide), window yes
2026-10-08T14:34:13Z bar shown: added at 732,817 216x138
2026-10-08T14:34:19Z the app that started this tool has ended; the tool ends
2026-10-08T14:34:30Z dictation tool started: version 1.2.0-dev.4c19a1b7f.dirty, key F1, accuracy large-v3-turbo-q5_0, as the app's child, the key held at /private/tmp/richos-501/dictation.sock
2026-10-08T14:34:30Z whisper-cli from the app's runtime at /Users/admin/testvm/walk-c409831e46f9/engine/runtime/bin
2026-10-08T14:34:31Z dictation-bar window: nonactivating panel, activation prevented at the window server
2026-10-08T14:34:31Z dictation-flight window: nonactivating panel, activation prevented at the window server
2026-10-08T14:34:31Z dictation-menu window: nonactivating panel, activation prevented at the window server
2026-10-08T14:34:31Z the bar, the flight and the menu windows are built as the panel type
2026-10-08T14:34:31Z key tap created for F1
2026-10-08T14:34:31Z an app connected: version 1.2.0-dev.4c19a1b7f.dirty, /Users/admin/testvm/walk-c409831e46f9/RichOS.app, data folder /Users/admin/testvm/walk-c409831e46f9/home/Library/Application Support/com.richos.app
2026-10-08T14:34:31Z menu bar item at 1438,0 34x24
2026-10-08T14:34:31Z the flight page is ready
2026-10-08T14:34:31Z the menu page is ready
2026-10-08T14:34:31Z the bar page is ready
2026-10-08T14:34:39Z the app that started this tool has ended; the tool ends
2026-10-08T14:34:42Z dictation tool started: version 1.2.0-dev.4c19a1b7f.dirty, key F1, accuracy large-v3-turbo-q5_0, as the app's child, the key held at /private/tmp/richos-501/dictation.sock
2026-10-08T14:34:42Z whisper-cli from the app's runtime at /Users/admin/testvm/walk-c409831e46f9/engine/runtime/bin
2026-10-08T14:34:42Z dictation-bar window: nonactivating panel, activation prevented at the window server
2026-10-08T14:34:42Z dictation-flight window: nonactivating panel, activation prevented at the window server
2026-10-08T14:34:42Z dictation-menu window: nonactivating panel, activation prevented at the window server
2026-10-08T14:34:42Z the bar, the flight and the menu windows are built as the panel type
2026-10-08T14:34:42Z key tap created for F1
2026-10-08T14:34:42Z an app connected: version 1.2.0-dev.4c19a1b7f.dirty, /Users/admin/testvm/walk-c409831e46f9/RichOS.app, data folder /Users/admin/testvm/walk-c409831e46f9/home/Library/Application Support/com.richos.app
2026-10-08T14:34:42Z menu bar item at 1438,0 34x24
2026-10-08T14:34:42Z the flight page is ready
2026-10-08T14:34:42Z the menu page is ready
2026-10-08T14:34:42Z the bar page is ready