2026-10-08T14:41:19Z dictation tool started: version 1.2.0-dev.4c19a1b7f.dirty, key F1, accuracy large-v3-turbo-q5_0, as the app's child, the key held at /private/tmp/richos-501/dictation.sock
2026-10-08T14:41:19Z whisper-cli from the app's runtime at /Users/admin/testvm/walk-350622c946bf/engine/runtime/bin
2026-10-08T14:41:20Z dictation-bar window: nonactivating panel, activation prevented at the window server
2026-10-08T14:41:20Z dictation-flight window: nonactivating panel, activation prevented at the window server
2026-10-08T14:41:20Z dictation-menu window: nonactivating panel, activation prevented at the window server
2026-10-08T14:41:20Z the bar, the flight and the menu windows are built as the panel type
2026-10-08T14:41:20Z Accessibility is not allowed for RichOS yet; no key tap until it is
2026-10-08T14:41:20Z an app connected: version 1.2.0-dev.4c19a1b7f.dirty, /Users/admin/testvm/walk-350622c946bf/RichOS.app, data folder /Users/admin/testvm/walk-350622c946bf/home/Library/Application Support/com.richos.app
2026-10-08T14:41:21Z menu bar item at 1438,0 34x24
2026-10-08T14:41:22Z the bar page is ready
2026-10-08T14:41:22Z the flight page is ready
2026-10-08T14:41:22Z the menu page is ready
2026-10-08T14:41:34Z the app that started this tool has ended; the tool ends
2026-10-08T14:41:38Z dictation tool started: version 1.2.0-dev.4c19a1b7f.dirty, key F1, accuracy large-v3-turbo-q5_0, as the app's child, the key held at /private/tmp/richos-501/dictation.sock
2026-10-08T14:41:38Z whisper-cli from the app's runtime at /Users/admin/testvm/walk-350622c946bf/engine/runtime/bin
2026-10-08T14:41:38Z dictation-bar window: nonactivating panel, activation prevented at the window server
2026-10-08T14:41:38Z dictation-flight window: nonactivating panel, activation prevented at the window server
2026-10-08T14:41:38Z dictation-menu window: nonactivating panel, activation prevented at the window server
2026-10-08T14:41:38Z the bar, the flight and the menu windows are built as the panel type
2026-10-08T14:41:38Z Accessibility is not allowed for RichOS yet; no key tap until it is
2026-10-08T14:41:38Z an app connected: version 1.2.0-dev.4c19a1b7f.dirty, /Users/admin/testvm/walk-350622c946bf/RichOS.app, data folder /Users/admin/testvm/walk-350622c946bf/home/Library/Application Support/com.richos.app
2026-10-08T14:41:38Z menu bar item at 1438,0 34x24
2026-10-08T14:41:39Z the bar page is ready
2026-10-08T14:41:39Z the flight page is ready
2026-10-08T14:41:39Z the menu page is ready