2026-10-08T16:46:22Z dictation tool started: version 1.2.0-dev.31f787bae, key F1, accuracy large-v3-turbo-q5_0, as the app's child, the key held at /private/tmp/richos-501/dictation.sock
2026-10-08T16:46:22Z whisper-cli from the app's runtime at /Users/admin/testvm/walk-e7b42c44d5d8/engine/runtime/bin
2026-10-08T16:46:22Z dictation-bar window: nonactivating panel, activation prevented at the window server
2026-10-08T16:46:22Z dictation-flight window: nonactivating panel, activation prevented at the window server
2026-10-08T16:46:22Z dictation-menu window: nonactivating panel, activation prevented at the window server
2026-10-08T16:46:22Z the bar, the flight and the menu windows are built as the panel type
2026-10-08T16:46:22Z key tap created for F1
2026-10-08T16:46:22Z an app connected: version 1.2.0-dev.31f787bae, /Users/admin/testvm/walk-e7b42c44d5d8/RichOS.app, data folder /Users/admin/testvm/walk-e7b42c44d5d8/home/Library/Application Support/com.richos.app (this tool is 1.2.0-dev.31f787bae)
2026-10-08T16:46:22Z menu bar item at 1438,0 34x24
2026-10-08T16:46:23Z the menu page is ready
2026-10-08T16:46:23Z the bar page is ready
2026-10-08T16:46:23Z the flight page is ready
2026-10-08T16:48:28Z menu bar item pressed
2026-10-08T16:48:28Z menu opened from the menu bar item; the front app is pid Some(2148)
2026-10-08T16:48:28Z menu shown at 1126,28 346x319
2026-10-08T16:48:28Z menu key window shown; the tool is active: true; front pid Some(2148)
2026-10-08T16:48:30Z accuracy set to small.en from the menu bar; the next dictation uses it
2026-10-08T16:48:30Z menu shown at 1126,28 346x319
2026-10-08T16:48:30Z menu key window shown; the tool is active: true; front pid Some(2148)
2026-10-08T16:48:30Z menu closed; the front app is pid Some(2148)
2026-10-08T16:48:33Z will-listen 1 sent to 1 app(s); the microphone waits for each one's answer
2026-10-08T16:48:33Z every app (1) yielded the microphone for will-listen 1
2026-10-08T16:48:33Z listening (injected wav (/Users/admin/testvm/walk-e7b42c44d5d8/home/dictation-sample.wav))
2026-10-08T16:48:33Z bar shown: listening at 579,817 523x138
2026-10-08T16:48:36Z bar shown: writing at 692,817 296x138
2026-10-08T16:49:05Z dictation: model small.en, 3.55 s of audio, written in 28301 ms, pasted, spacing read; into com.apple.TextEdit (from Accessibility), focused element yes (AXTextArea, asked system-wide), window yes
2026-10-08T16:49:05Z the words flew to 182,101 424x13 on the screen at 0,0
2026-10-08T16:49:05Z bar shown: added at 732,817 216x138
2026-10-08T16:49:14Z will-listen 2 sent to 1 app(s); the microphone waits for each one's answer
2026-10-08T16:49:14Z bar shown: listening at 579,817 523x138
2026-10-08T16:49:14Z every app (1) yielded the microphone for will-listen 2
2026-10-08T16:49:14Z listening (injected wav (/Users/admin/testvm/walk-e7b42c44d5d8/home/dictation-sample.wav))
2026-10-08T16:49:18Z bar shown: writing at 692,817 296x138
2026-10-08T16:49:42Z dictation: model small.en, 3.62 s of audio, written in 23904 ms, copied (no text box); into com.apple.finder (from Accessibility), focused element yes (AXGroup, asked system-wide), window yes
2026-10-08T16:49:42Z bar shown: problem no-text-box at 468,817 745x138
2026-10-08T16:49:51Z will-listen 3 sent to 1 app(s); the microphone waits for each one's answer
2026-10-08T16:49:51Z bar shown: listening at 579,817 523x138
2026-10-08T16:49:51Z every app (1) yielded the microphone for will-listen 3
2026-10-08T16:49:51Z listening (injected wav (/Users/admin/testvm/walk-e7b42c44d5d8/home/dictation-sample.wav))
2026-10-08T16:49:54Z the microphone delivered nothing for 3.008 s; listening ended
2026-10-08T16:49:54Z dictation of 3.01 s (3017 ms tapped): nothing written, no-sound
2026-10-08T16:49:54Z bar shown: writing at 692,817 296x138
2026-10-08T16:49:54Z bar shown: problem no-sound at 546,817 589x138
2026-10-08T16:50:39Z will-listen 4 sent to 1 app(s); the microphone waits for each one's answer
2026-10-08T16:50:39Z every app (1) yielded the microphone for will-listen 4
2026-10-08T16:50:39Z listening (injected wav (/Users/admin/testvm/walk-e7b42c44d5d8/home/dictation-sample.wav))
2026-10-08T16:50:39Z bar shown: listening at 579,820 523x138
2026-10-08T16:50:43Z bar shown: writing at 692,820 296x138
2026-10-08T16:50:46Z dictation: model small.en, 3.23 s of audio, written in 3484 ms, pasted; into com.google.Chrome (from the workspace), focused element none (-25212) (asked system-wide), window yes
2026-10-08T16:50:46Z bar shown: added at 732,820 216x138