2026-10-08T17:43:22Z dictation tool started: version 1.2.0-dev.9be79b133, key F1, accuracy large-v3-turbo-q5_0, as the app's child, the key held at /private/tmp/richos-501/dictation.sock
2026-10-08T17:43:22Z whisper-cli from the app's runtime at /Users/admin/testvm/walk-1e28724389ec/engine/runtime/bin
2026-10-08T17:43:22Z dictation-bar window: nonactivating panel, activation prevented at the window server
2026-10-08T17:43:22Z dictation-flight window: nonactivating panel, activation prevented at the window server
2026-10-08T17:43:22Z dictation-menu window: nonactivating panel, activation prevented at the window server
2026-10-08T17:43:22Z the bar, the flight and the menu windows are built as the panel type
2026-10-08T17:43:22Z key tap created for F1
2026-10-08T17:43:22Z an app connected: version 1.2.0-dev.9be79b133, /Users/admin/testvm/walk-1e28724389ec/RichOS.app, data folder /Users/admin/testvm/walk-1e28724389ec/home/Library/Application Support/com.richos.app (this tool is 1.2.0-dev.9be79b133)
2026-10-08T17:43:22Z menu bar item at 1438,0 34x24
2026-10-08T17:43:23Z the flight page is ready
2026-10-08T17:43:23Z the bar page is ready
2026-10-08T17:43:23Z the menu page is ready
2026-10-08T17:45:35Z will-listen 1 sent to 1 app(s); the microphone waits for each one's answer
2026-10-08T17:45:35Z every app (1) yielded the microphone for will-listen 1
2026-10-08T17:45:36Z listening (injected wav (/Users/admin/testvm/walk-1e28724389ec/home/dictation-sample.wav))
2026-10-08T17:45:36Z bar shown: listening at 579,817 523x138
2026-10-08T17:45:39Z bar shown: writing at 692,817 296x138
2026-10-08T17:45:45Z dictation: model large-v3-turbo-q5_0, 3.26 s of audio, written in 6206 ms, pasted; into com.google.Chrome (from the workspace), focused element none (-25212) (asked system-wide), window yes
2026-10-08T17:45:45Z bar shown: added at 732,817 216x138
2026-10-08T17:45:51Z menu bar item event: enter at 1438,0 34x24
2026-10-08T17:45:57Z menu bar item event: click Left Down at 1438,0 34x24
2026-10-08T17:45:57Z menu bar item pressed
2026-10-08T17:45:57Z menu opened from the menu bar item; the front app is pid Some(2199)
2026-10-08T17:45:57Z menu shown at 1126,28 346x319
2026-10-08T17:45:57Z menu key window shown; the tool is active: true; front pid Some(2199)
2026-10-08T17:45:57Z menu bar item event: click Left Up at 1438,0 34x24
2026-10-08T17:45:58Z menu shown at 1126,28 346x319
2026-10-08T17:45:58Z menu key window shown; the tool is active: true; front pid Some(2199)