2026-10-08T16:14:48Z dictation tool started: version 1.2.0-dev.a4ef55e04.dirty, key F1, accuracy large-v3-turbo-q5_0, as the app's child, the key held at /private/tmp/richos-501/dictation.sock
2026-10-08T16:14:48Z whisper-cli from the app's runtime at /Users/admin/testvm/walk-3520f87af8f9/engine/runtime/bin
2026-10-08T16:14:48Z dictation-bar window: nonactivating panel, activation prevented at the window server
2026-10-08T16:14:48Z dictation-flight window: nonactivating panel, activation prevented at the window server
2026-10-08T16:14:48Z dictation-menu window: nonactivating panel, activation prevented at the window server
2026-10-08T16:14:48Z the bar, the flight and the menu windows are built as the panel type
2026-10-08T16:14:48Z key tap created for F1
2026-10-08T16:14:48Z an app connected: version 1.2.0-dev.a4ef55e04.dirty, /Users/admin/testvm/walk-3520f87af8f9/RichOS.app, data folder /Users/admin/testvm/walk-3520f87af8f9/home/Library/Application Support/com.richos.app (this tool is 1.2.0-dev.a4ef55e04.dirty)
2026-10-08T16:14:48Z menu bar item at 1438,0 34x24
2026-10-08T16:14:49Z the menu page is ready
2026-10-08T16:14:49Z the flight page is ready
2026-10-08T16:14:49Z the bar page is ready
2026-10-08T16:17:16Z menu bar item pressed
2026-10-08T16:17:16Z menu opened from the menu bar item; the front app is pid Some(2284)
2026-10-08T16:17:16Z menu shown at 1126,28 346x319
2026-10-08T16:17:16Z menu key window shown; the tool is active: true; front pid Some(2284)
2026-10-08T16:17:18Z accuracy set to small.en from the menu bar; the next dictation uses it
2026-10-08T16:17:18Z menu key window shown; the tool is active: true; front pid Some(2284)
2026-10-08T16:17:18Z menu shown at 1126,28 346x319
2026-10-08T16:17:19Z menu closed; the front app is pid Some(2284)
2026-10-08T16:17:21Z will-listen sent to 1 app(s); the microphone waits for their answer
2026-10-08T16:17:21Z every app (1) yielded the microphone
2026-10-08T16:17:21Z listening (injected wav (/Users/admin/testvm/walk-3520f87af8f9/home/dictation-sample.wav))
2026-10-08T16:17:21Z bar shown: listening at 579,817 523x138
2026-10-08T16:17:25Z bar shown: writing at 692,817 296x138
2026-10-08T16:17:47Z dictation: model small.en, 3.31 s of audio, written in 22213 ms, pasted, spacing read; into com.apple.TextEdit (from Accessibility), focused element yes (AXTextArea, asked system-wide), window yes
2026-10-08T16:17:48Z the words flew to 182,101 424x13 on the screen at 0,0
2026-10-08T16:17:48Z bar shown: added at 732,817 216x138
2026-10-08T16:17:57Z will-listen sent to 1 app(s); the microphone waits for their answer
2026-10-08T16:17:57Z every app (1) yielded the microphone
2026-10-08T16:17:57Z listening (injected wav (/Users/admin/testvm/walk-3520f87af8f9/home/dictation-sample.wav))
2026-10-08T16:17:57Z bar shown: listening at 579,817 523x138
2026-10-08T16:18:00Z bar shown: writing at 692,817 296x138
2026-10-08T16:18:29Z dictation: model small.en, 3.36 s of audio, written in 29026 ms, copied (no text box); into com.apple.finder (from Accessibility), focused element yes (AXGroup, asked system-wide), window yes
2026-10-08T16:18:29Z bar shown: problem no-text-box at 468,817 745x138
2026-10-08T16:18:37Z will-listen sent to 1 app(s); the microphone waits for their answer
2026-10-08T16:18:37Z every app (1) yielded the microphone
2026-10-08T16:18:37Z listening (injected wav (/Users/admin/testvm/walk-3520f87af8f9/home/dictation-sample.wav))
2026-10-08T16:18:37Z bar shown: listening at 579,817 523x138
2026-10-08T16:18:40Z the microphone delivered nothing for 3.008 s; listening ended
2026-10-08T16:18:40Z dictation of 3.01 s (3011 ms tapped): nothing written, no-sound
2026-10-08T16:18:40Z bar shown: writing at 692,817 296x138
2026-10-08T16:18:40Z bar shown: problem no-sound at 546,817 589x138
2026-10-08T16:19:26Z will-listen sent to 1 app(s); the microphone waits for their answer
2026-10-08T16:19:26Z every app (1) yielded the microphone
2026-10-08T16:19:26Z listening (injected wav (/Users/admin/testvm/walk-3520f87af8f9/home/dictation-sample.wav))
2026-10-08T16:19:26Z bar shown: listening at 579,820 523x138
2026-10-08T16:19:30Z bar shown: writing at 692,820 296x138
2026-10-08T16:19:33Z dictation: model small.en, 3.28 s of audio, written in 3657 ms, pasted; into com.google.Chrome (from the workspace), focused element none (-25212) (asked system-wide), window yes
2026-10-08T16:19:33Z bar shown: added at 732,820 216x138
2026-10-08T16:19:37Z the app that started this tool has ended; the tool ends
2026-10-08T16:19:49Z dictation tool started: version 1.2.0-dev.a4ef55e04.dirty, key F1, accuracy small.en, as the app's child, the key held at /private/tmp/richos-501/dictation.sock
2026-10-08T16:19:49Z whisper-cli from the app's runtime at /Users/admin/testvm/walk-3520f87af8f9/engine/runtime/bin
2026-10-08T16:19:49Z dictation-bar window: nonactivating panel, activation prevented at the window server
2026-10-08T16:19:49Z dictation-flight window: nonactivating panel, activation prevented at the window server
2026-10-08T16:19:49Z dictation-menu window: nonactivating panel, activation prevented at the window server
2026-10-08T16:19:49Z the bar, the flight and the menu windows are built as the panel type
2026-10-08T16:19:49Z key tap created for F1
2026-10-08T16:19:49Z an app connected: version 1.2.0-dev.a4ef55e04.dirty, /Users/admin/testvm/walk-3520f87af8f9/RichOS.app, data folder /Users/admin/testvm/walk-3520f87af8f9/home/Library/Application Support/com.richos.app (this tool is 1.2.0-dev.a4ef55e04.dirty)
2026-10-08T16:19:49Z menu bar item at 1438,0 34x24
2026-10-08T16:19:50Z the flight page is ready
2026-10-08T16:19:50Z the menu page is ready
2026-10-08T16:19:50Z the bar page is ready
2026-10-08T16:19:51Z the tool became the active app (front pid Some(5909)); activation handed back, the front belongs to the app the words go to
2026-10-08T16:19:58Z the app that started this tool has ended; the tool ends
2026-10-08T16:20:01Z dictation tool started: version 1.2.0-dev.a4ef55e04.dirty, key F1, accuracy small.en, as the app's child, the key held at /private/tmp/richos-501/dictation.sock
2026-10-08T16:20:01Z whisper-cli from the app's runtime at /Users/admin/testvm/walk-3520f87af8f9/engine/runtime/bin
2026-10-08T16:20:01Z dictation-bar window: nonactivating panel, activation prevented at the window server
2026-10-08T16:20:01Z dictation-flight window: nonactivating panel, activation prevented at the window server
2026-10-08T16:20:01Z dictation-menu window: nonactivating panel, activation prevented at the window server
2026-10-08T16:20:01Z the bar, the flight and the menu windows are built as the panel type
2026-10-08T16:20:01Z key tap created for F1
2026-10-08T16:20:01Z an app connected: version 1.2.0-dev.a4ef55e04.dirty, /Users/admin/testvm/walk-3520f87af8f9/RichOS.app, data folder /Users/admin/testvm/walk-3520f87af8f9/home/Library/Application Support/com.richos.app (this tool is 1.2.0-dev.a4ef55e04.dirty)
2026-10-08T16:20:01Z menu bar item at 1438,0 34x24
2026-10-08T16:20:02Z the flight page is ready
2026-10-08T16:20:02Z the menu page is ready
2026-10-08T16:20:02Z the bar page is ready
2026-10-08T16:20:03Z the tool became the active app (front pid Some(6121)); activation handed back, the front belongs to the app the words go to