2026-10-08T13:58:07Z dictation tool started: version 1.2.0-dev.c29c5a319.dirty, key F1, accuracy large-v3-turbo-q5_0, as the app's child, the key held at /private/tmp/richos-501/dictation.sock
2026-10-08T13:58:07Z whisper-cli from the app's runtime at /Users/admin/testvm/walk-f2368f824411/engine/runtime/bin
2026-10-08T13:58:07Z dictation-bar window: nonactivating panel, activation prevented at the window server
2026-10-08T13:58:07Z dictation-flight window: nonactivating panel, activation prevented at the window server
2026-10-08T13:58:07Z dictation-menu window: nonactivating panel, activation prevented at the window server
2026-10-08T13:58:07Z the bar, the flight and the menu windows are built as the panel type
2026-10-08T13:58:07Z key tap created for F1
2026-10-08T13:58:07Z an app connected: version 1.2.0-dev.c29c5a319.dirty, /Users/admin/testvm/walk-f2368f824411/RichOS.app, data folder /Users/admin/testvm/walk-f2368f824411/home/Library/Application Support/com.richos.app
2026-10-08T13:58:07Z menu bar item at 1438,0 34x24
2026-10-08T13:58:07Z the flight page is ready
2026-10-08T13:58:07Z the menu page is ready
2026-10-08T13:58:07Z the bar page is ready
2026-10-08T14:00:08Z menu bar item pressed
2026-10-08T14:00:08Z menu opened from the menu bar item; the front app is pid Some(2149)
2026-10-08T14:00:08Z menu shown at 1126,28 346x319
2026-10-08T14:00:08Z menu key window shown; the tool is active: true; front pid Some(2149)
2026-10-08T14:00:10Z accuracy set to small.en from the menu bar; the next dictation uses it
2026-10-08T14:00:10Z menu shown at 1126,28 346x319
2026-10-08T14:00:10Z menu key window shown; the tool is active: true; front pid Some(2149)
2026-10-08T14:00:10Z menu closed; the front app is pid Some(2149)
2026-10-08T14:00:13Z will-listen sent to 1 app(s); the microphone waits for their answer
2026-10-08T14:00:13Z every app (1) yielded the microphone
2026-10-08T14:00:13Z listening (injected wav (/Users/admin/testvm/walk-f2368f824411/home/dictation-sample.wav))
2026-10-08T14:00:13Z bar shown: listening at 579,817 523x138
2026-10-08T14:00:16Z bar shown: writing at 692,817 296x138
2026-10-08T14:00:44Z dictation: model small.en, 3.58 s of audio, written in 27152 ms, pasted, spacing read; into com.apple.TextEdit (from Accessibility), focused element yes (asked system-wide), window yes
2026-10-08T14:00:44Z the words flew to 182,101 424x13 on the screen at 0,0
2026-10-08T14:00:44Z bar shown: added at 732,817 216x138