   Compiling parking_lot_core v0.9.12
   Compiling icu_normalizer v2.3.0
    Checking smallvec v1.16.0
    Checking core-foundation-sys v0.8.7
   Compiling cssparser v0.36.0
   Compiling toml v1.1.5+spec-1.1.0
    Checking futures-core v0.3.34
    Checking objc2-app-kit v0.3.2
    Checking mio v1.2.3
    Checking socket2 v0.6.5
   Compiling generic-array v0.14.7
   Compiling parking_lot v0.12.5
    Checking core-foundation v0.10.1
    Checking getrandom v0.2.17
    Checking untrusted v0.9.0
    Checking zeroize v1.9.0
   Compiling string_cache v0.9.0
    Checking tokio v1.53.1
    Checking rustls-pki-types v1.15.1
    Checking ring v0.17.14
    Checking idna_adapter v1.2.2
   Compiling web_atoms v0.2.6
   Compiling idna v1.1.0
    Checking http-body v1.1.0
    Checking futures-task v0.3.34
    Checking url v2.5.8
    Checking slab v0.4.12
   Compiling selectors v0.36.1
    Checking futures-util v0.3.34
   Compiling embed-resource v3.0.11
   Compiling markup5ever v0.38.0
   Compiling tauri-winres v0.3.6
   Compiling html5ever v0.38.0
   Compiling crypto-common v0.1.7
   Compiling block-buffer v0.10.4
    Checking tower-service v0.3.3
    Checking try-lock v0.2.5
    Checking subtle v2.6.1
    Checking typenum v1.20.1
    Checking want v0.3.1
   Compiling urlpattern v0.3.0
   Compiling schemars v0.8.22
    Checking rustls-webpki v0.103.15
   Compiling digest v0.10.7
   Compiling dom_query v0.27.0
    Checking rustls v0.23.43
    Checking httparse v1.10.1
    Checking system-configuration-sys v0.6.0
    Checking core-graphics-types v0.2.0
    Checking core-foundation v0.9.4
    Checking futures-channel v0.3.34
    Checking tracing-core v0.1.36
    Checking errno v0.3.14
    Checking semver v1.0.28
    Checking atomic-waker v1.1.2
    Checking rustix v1.1.4
    Checking system-configuration v0.7.0
    Checking tauri-utils v2.9.3
    Checking tracing v0.1.44
   Compiling sha2 v0.10.9
    Checking core-graphics v0.25.0
    Checking security-framework-sys v2.17.0
    Checking sync_wrapper v1.0.2
    Checking ipnet v2.12.1
    Checking tower-layer v0.3.3
    Checking security-framework v3.7.0
    Checking futures-sink v0.3.34
    Checking http-body-util v0.1.5
    Checking filetime v0.2.29
    Checking cpufeatures v0.2.17
    Checking fastrand v2.5.0
    Checking minisign-verify v0.2.5
    Checking richos-voice v0.1.0 (/Users/alex/ab/richos/app/crates/richos-voice)
    Checking richos-core v0.1.0 (/Users/alex/ab/richos/app/crates/richos-core)
    Checking xattr v1.6.1
    Checking tempfile v3.27.0
    Checking tar v0.4.46
    Checking hyper v1.11.1
    Checking tower v0.5.3
    Checking tokio-util v0.7.19
    Checking tower-http v0.6.11
    Checking tokio-rustls v0.26.4
    Checking rustls-platform-verifier v0.7.0
    Checking hyper-util v0.1.20
    Checking hyper-rustls v0.27.9
    Checking reqwest v0.13.4
    Checking objc2-web-kit v0.3.2
    Checking tao v0.35.3
    Checking window-vibrancy v0.6.0
    Checking objc2-osa-kit v0.3.2
    Checking muda v0.19.3
    Checking osakit v0.3.1
    Checking wry v0.55.1
    Checking tauri-runtime v2.11.3
    Checking tauri-runtime-wry v2.11.4
   Compiling tauri-build v2.6.3
   Compiling tauri-plugin v2.6.3
   Compiling tauri-codegen v2.6.3
   Compiling tauri v2.11.5
   Compiling tauri-plugin-updater v2.11.0
   Compiling tauri-macros v2.6.3
   Compiling richos-tauri v1.0.2 (/Users/alex/ab/richos/app/src-tauri)
    Finished `dev` profile [unoptimized + debuginfo] target(s) in 29.20s
