glib v0.18.5
├── atk v0.18.2
│   └── gtk v0.18.2
│       ├── muda v0.19.3
│       │   └── tauri v2.11.5
│       │       ├── richos-tauri v1.0.3 (/Users/alex/ab/richos/richos/app/src-tauri)
│       │       └── tauri-plugin-updater v2.11.0
│       │           └── richos-tauri v1.0.3 (/Users/alex/ab/richos/richos/app/src-tauri)
│       ├── tao v0.35.3
│       │   └── tauri-runtime-wry v2.11.4
│       │       └── tauri v2.11.5 (*)
│       ├── tauri v2.11.5 (*)
│       ├── tauri-runtime v2.11.3
│       │   ├── tauri v2.11.5 (*)
│       │   └── tauri-runtime-wry v2.11.4 (*)
│       ├── tauri-runtime-wry v2.11.4 (*)
│       ├── webkit2gtk v2.0.2
│       │   ├── tauri v2.11.5 (*)
│       │   ├── tauri-runtime v2.11.3 (*)
│       │   ├── tauri-runtime-wry v2.11.4 (*)
│       │   └── wry v0.55.1
│       │       └── tauri-runtime-wry v2.11.4 (*)
│       └── wry v0.55.1 (*)
├── cairo-rs v0.18.5
│   ├── gdk v0.18.2
│   │   ├── gdkx11 v0.18.2
│   │   │   └── wry v0.55.1 (*)
│   │   ├── gtk v0.18.2 (*)
│   │   └── webkit2gtk v2.0.2 (*)
│   ├── gtk v0.18.2 (*)
│   └── webkit2gtk v2.0.2 (*)
├── gdk v0.18.2 (*)
├── gdk-pixbuf v0.18.5
│   ├── gdk v0.18.2 (*)
│   └── gtk v0.18.2 (*)
├── gdkx11 v0.18.2 (*)
├── gio v0.18.4
│   ├── gdk v0.18.2 (*)
│   ├── gdk-pixbuf v0.18.5 (*)
│   ├── gdkx11 v0.18.2 (*)
│   ├── gtk v0.18.2 (*)
│   ├── pango v0.18.3
│   │   ├── gdk v0.18.2 (*)
│   │   └── gtk v0.18.2 (*)
│   ├── soup3 v0.5.0
│   │   ├── webkit2gtk v2.0.2 (*)
│   │   └── wry v0.55.1 (*)
│   └── webkit2gtk v2.0.2 (*)
├── gtk v0.18.2 (*)
├── javascriptcore-rs v1.1.2
│   ├── webkit2gtk v2.0.2 (*)
│   └── wry v0.55.1 (*)
├── pango v0.18.3 (*)
├── soup3 v0.5.0 (*)
└── webkit2gtk v2.0.2 (*)
