
=== A. the predicate: which item was a question about? ===
  PASS  A1. a real Apple-signing question matches item 1.1
  PASS  A2. 'what should we work on next' matches NOTHING
  PASS  A3. a near miss that borrows two of an item's words still matches NOTHING
  PASS  A4. naming an item by its id matches it
  PASS  A5. an item in a CEO section in the BLOCKED-ON-RICH state is NOT prepared (3 of 4 count)

=== B. the witness: only a real AskUserQuestion call writes a record ===
  PASS  B1. a real question about 1.1 is witnessed as 1.1 and discharges
  PASS  B2. a junk question is witnessed as UNMATCHED and discharges nothing
  PASS  B3. a WORKER's matching question is recorded and discharges nothing
  PASS  B4. a payload for another tool writes nothing at all
  PASS  B5. a two-question call is witnessed as two records, one per item

=== C. the gate: a teammate dispatch while he has not been asked ===
  PASS  C1. an unasked prepared item BLOCKS the dispatch and names the item
  PASS  C1b. the refusal says how to discharge it — with AskUserQuestion
  PASS  C2. one prepared item actually asked opens the gate for the session
  PASS  C3. A JUNK QUESTION DISCHARGES NOTHING — the gate is still closed after it
  PASS  C4. a WORKER's matching question does not open the gate for the lead
  PASS  C5. a question asked in ANOTHER session does not open this session's gate
  PASS  C6. the 'ceo-todos-deferred:' prompt line permits the dispatch and is logged
  PASS  C7. a bare 'ceo-todos-deferred:' with no reason does NOT permit the dispatch
  PASS  C8. a payload for another tool passes untouched
  PASS  C9. NOT-DECLARED: a seat with no CEO list stands down, silently
  PASS  C10. BROKEN: a declared list that is not on disk FAILS OPEN and says so
  PASS  C11. NOTHING PREPARED: a list of unprepared items blocks nothing

=== D. the Stop notice: a turn does not end quietly ===
  PASS  D1. an unasked item ends the turn with a named item on the operator channel
  PASS  D1b. it is rendered as a QUESTION, not as a count
  PASS  D2. the same unchanged set is announced ONCE, not under every turn
  PASS  D3. asking one item changes the set, so the notice speaks again with the next one
  PASS  D4. a declared-but-unreadable list is announced LOUDLY at turn end, and never blocks

=== E. session start: his question, not a count of his questions ===
  PASS  E1. it announces on BOTH channels — the operator's and the model's
  PASS  E2. it names the top item rather than counting the items
  PASS  E4. startup accurately explains authorized deferral without fabricating an answer
  PASS  E3. a repository with no CEO list is announced not at all

=== F. the CLI face gives the same verdict the hooks give ===
  PASS  F1. ceo-asks-status.sh exits 1 and reports OPEN when he has not been asked
  PASS  F2. ...and 0/SATISFIED for the session in which he was

=== G. the wiring: registered, hashed, and rooted like its siblings ===
  PASS  G1. notice-ceo-asks.sh is registered exactly once in hooks/hooks.json
  PASS  G1. guard-ceo-ask-first.sh is registered exactly once in hooks/hooks.json
  PASS  G1. notice-ceo-unasked.sh is registered exactly once in hooks/hooks.json
  PASS  G1. session-start-ceo-ask.sh is registered exactly once in hooks/hooks.json
  PASS  G2. notice-ceo-asks is declared in contract-integrity-probe.sh
  PASS  G2. guard-ceo-ask-first is declared in contract-integrity-probe.sh
  PASS  G2. notice-ceo-unasked is declared in contract-integrity-probe.sh
  PASS  G2. session-start-ceo-ask is declared in contract-integrity-probe.sh
  PASS  G3. notice-ceo-asks.sh carries the byte-identical root-resolution bootstrap
  PASS  G3. guard-ceo-ask-first.sh carries the byte-identical root-resolution bootstrap
  PASS  G3. notice-ceo-unasked.sh carries the byte-identical root-resolution bootstrap
  PASS  G3. session-start-ceo-ask.sh carries the byte-identical root-resolution bootstrap
  PASS  G4. scripts/lib/ceo-asks.sh is sidecar-hashed by install.sh
  PASS  G4. scripts/lib/ceo-asks.py is sidecar-hashed by install.sh
  PASS  G4. scripts/lib/owned-work-policy.sh is sidecar-hashed by install.sh
  PASS  OWN1. independent dispatch proceeds without fabricating an answer or deferral
  PASS  OWN2. pending decision stays visible without a question quota
  PASS  OWN3. Stop retains a named nonblocking pending-decision reminder
  PASS  OWN4. unadopted repositories retain their existing policy
  PASS  OWN5. a declared pending dependency blocks only its dispatch
  PASS  OWN6. an ask receipt and deferral do not authorize dependent work
  PASS  OWN7. the reviewers explicit unanswered-dependency prose blocks without a marker
  PASS  OWN8. an unknown TODO id cannot manufacture approval
  PASS  OWN9. empty dependency declaration is rejected
  PASS  OWN10. asked but unresolved decisions remain OPEN in the status CLI
  PASS  OWN11. an ask receipt cannot hide a pending decision reminder
  PASS  OWN12. an unchanged pending reminder is deduplicated without blocking
  PASS  OWN13. explicitly independent work is not mistaken for a dependency
  PASS  OWN14. mentioning an unrelated unanswered question does not create a dependency
  PASS  OWN-CFG1. invalid adoption does not disable the existing gate
  PASS  OWN-CFG2. invalid adoption does not disable the existing gate
  PASS  OWN-CFG3. invalid adoption does not disable the existing gate
  PASS  OWN-CFG4. invalid adoption does not disable the existing gate
  PASS  OWN-CFG5. invalid adoption does not disable the existing gate
  PASS  OWN-CFG6. invalid adoption does not disable the existing gate
  PASS  OWN-CFG7. invalid adoption does not disable the existing gate
  PASS  OWN-CFG8. invalid adoption does not disable the existing gate
  PASS  OWN-CFG9. invalid adoption does not disable the existing gate

=== running the mutation harness: ceo-asks.mutation.sh ===
=== the CEO-ask gate: every property, proven load-bearing by removing it ===
  PASS  everything-matches — removing it turns C3.  red
  PASS  worker-discharges — removing it turns C4.  red
  PASS  no-session-filter — removing it turns C5.  red
  PASS  blocked-counts-as-prepared — removing it turns A5.  red
  PASS  gate-does-not-block — removing it turns C1.  red
  PASS  no-escape-hatch — removing it turns C6.  red
  PASS  bare-defer-permits — removing it turns C7.  red
  PASS  broken-fails-closed — removing it turns C10.  red
  PASS  no-ledger-write — removing it turns B1.  red
  PASS  notice-counts-not-names — removing it turns D1.  red
  PASS  notice-blocks-the-turn — removing it turns D1.  red
  PASS  broken-list-is-quiet — removing it turns D4.  red
  PASS  session-start-silent — removing it turns E2.  red
  PASS  policy-wrong-version — removing it turns OWN-CFG1. red
  PASS  policy-boolean-version — removing it turns OWN-CFG3. red
  PASS  policy-disabled-accepted — removing it turns OWN-CFG4. red
  PASS  policy-wrong-decision-field — removing it turns OWN-CFG7. red
  PASS  declared-dependency-bypassed — removing it turns OWN5. red
  PASS  missing-authority-prose-ignored — removing it turns OWN7. red
  PASS  negation-ignored — removing it turns OWN13. red
  PASS  unanswered-means-dependent — removing it turns OWN14. red
  PASS  adopted-reminder-silent — removing it turns OWN3. red
  PASS  ask-receipt-clears-pending-notice — removing it turns OWN11. red
  PASS  ask-receipt-clears-pending-status — removing it turns OWN10. red

  24/24 properties proven load-bearing

  71/71 cases passed
