=== daily-workspace-cleanup (the reclaim lane): every property, proven load-bearing by removing it ===
  PASS  residue-archive-skipped — removing it turns "test_ignored_disposable_is_dropped_and_ignored_residue_is_archived_verified_then_reclaimed" red  [1m20.1s]
  PASS  nested-repository-dropped-as-disposable — removing it turns "test_a_nested_repository_under_a_disposable_path_is_ARCHIVED_whole_never_dropped" red  [1m16.7s]
  PASS  bare-repository-dropped-as-disposable — removing it turns "test_a_BARE_repository_under_a_disposable_path_is_ARCHIVED_whole_never_dropped" red  [1m18.6s]
  PASS  git-object-bytes-disposable — removing it turns "test_a_BARE_repository_under_a_disposable_path_is_ARCHIVED_whole_never_dropped" red  [1m18.3s]
  PASS  residue-byte-ceiling-ignored-in-event — removing it turns "test_the_events_own_member_is_bounded_by_the_residue_byte_ceiling" red  [1m20.9s]
  PASS  residue-byte-ceiling-ignored-in-sweep — removing it turns "test_the_events_own_member_is_bounded_by_the_residue_byte_ceiling" red  [1m20.7s]
  PASS  ignored-last-look-removed — removing it turns "test_an_ignored_file_written_after_the_archive_HOLDS_the_removal" red  [1m19.0s]
  PASS  residue-verification-skipped — removing it turns "test_unverifiable_residue_archive_holds_the_tree" red  [1m20.1s]
  PASS  session-gone-on-any-status — removing it turns "test_native_of_an_engine_derived_terminal_fact_stays_platform_owned" red  [1m35.2s]
  PASS  no-identity-means-gone — removing it turns "test_native_with_no_recorded_session_identity_is_not_provably_gone" red  [1m32.0s]
  PASS  dead-lock-check-removed — removing it turns "test_native_lock_held_by_a_running_pid_holds_whatever_the_ledger_says" red  [1m39.6s]
  PASS  process-hold-removed — removing it turns "test_process_standing_in_the_tree_holds_it_and_nothing_is_killed" red  [1m38.6s]
  PASS  absent-native-integration-check-removed — removing it turns "test_absent_native_without_receipt_keeps_an_unintegrated_branch" red  [1m39.5s]
  PASS  ingress-set-widened — removing it turns "test_unsupported_competing_terminal_ingress_remains_reserved" red  [1m40.3s]
  PASS  platform-ground-widened — removing it turns "test_native_of_an_engine_derived_terminal_fact_stays_platform_owned" red  [1m39.5s]
  PASS  ingress-hands-native-back-to-the-nightly — removing it turns "test_native_terminal_ingress_reclaims_in_the_same_event" red  [1m37.2s]
  PASS  ingress-hands-hand-rolled-back-to-the-nightly — removing it turns "test_hand_rolled_terminal_ingress_reclaims_in_the_same_event" red  [1m02.4s]
  PASS  ingress-ignores-the-platform-lock — removing it turns "test_ingress_waits_for_the_platform_to_release_its_own_lock_and_never_removes_it" red  [1m08.6s]
  PASS  restart-after-terminal-ignored — removing it turns "test_a_restart_after_terminal_is_recorded_and_HOLDS_every_workspace_of_that_agent" red  [1m02.4s]
  PASS  second-source-ignored — removing it turns "test_a_lost_stop_note_is_closed_by_the_platforms_own_event_log_and_a_lost_start_note_is_opened_by_it" red  [1m04.8s]
  PASS  fallback-log-ignored — removing it turns "test_the_second_source_is_read_from_the_FALLBACK_log_for_a_session_with_no_team_directory" red  [1m05.8s]
  PASS  session-death-does-not-void-an-open-run — removing it turns "test_a_post_terminal_run_cannot_outlive_its_session" red  [1m05.4s]
  PASS  stale-hold-never-names-a-person — removing it turns "test_a_stale_open_run_names_the_operator_remedy_and_the_remedy_works" red  [1m05.9s]
  PASS  process-probe-fails-open-again — removing it turns "test_a_process_probe_that_cannot_look_HOLDS_and_never_reports_an_empty_tree" red  [1m05.4s]
  PASS  last-look-before-removal-removed — removing it turns "test_a_relock_between_the_check_and_the_removal_makes_the_removal_FAIL" red  [1m08.0s]
  PASS  journal-overwrites-again — removing it turns "test_the_immediate_reclaim_journal_APPENDS_instead_of_overwriting" red  [1m07.5s]
  PASS  ceo-ruling-not-in-the-mechanism — removing it turns "test_a_codex_workspace_is_EXCLUDED_BY_CEO_RULING_at_every_door" red  [1m07.7s]
  PASS  hand-written-ledger-row-binds-again — removing it turns "test_a_hand_written_ledger_row_RESERVES_but_never_BINDS" red  [1m07.4s]
  PASS  late-binding-removed — removing it turns "test_a_workspace_created_after_the_seal_joins_the_transaction_and_is_reclaimed" red  [1m06.6s]
  PASS  late-binding-joins-an-ambiguous-name — removing it turns "test_a_late_row_is_NOT_bound_when_the_teammate_name_is_ambiguous" red  [1m07.0s]
  PASS  ownerless-row-of-any-session-retired — removing it turns "test_an_ownerless_row_of_a_LIVE_session_still_reserves" red  [1m07.2s]
  PASS  untracked-refusal-removed — removing it turns "test_dirty_staged_and_untracked_refuse" red  [1m05.5s]
  PASS  unintegrated-tree-removed — removing it turns "test_unintegrated_refuses" red  [37.9s]
  [33 mutant(s), 8 at a time, wall 5m39.6s, slowest 1m40.3s ingress-set-widened, 7.4x serial]

=== mutation: all 33 properties proven load-bearing ===
