=== reconcile-terminal-worktrees (the persistent reconciler): every property, proven load-bearing by removing it ===
  PASS  ignored-evidence-dropped — removing it turns "C07" red  [1m57.0s]
  PASS  disposable-policy-ignored — removing it turns "C08" red  [1m58.1s]
  PASS  staged-blob-not-archived — removing it turns "C09" red  [1m58.0s]
  PASS  verification-skipped — removing it turns "C18" red  [1m56.3s]
  PASS  settle-not-required — removing it turns "C16" red  [1m56.9s]
  PASS  writers-not-killed — removing it turns "C14" red  [1m38.9s]
  PASS  residue-ownership-ignored — removing it turns "C15" red  [1m57.3s]
  PASS  status-exit-always-zero — removing it turns "C42" red  [1m58.4s]
  PASS  grace-ignored — removing it turns "C26" red  [1m39.0s]
  PASS  fallback-never-built — removing it turns "C27" red  [1m28.4s]
  PASS  start-only-native-dropped — removing it turns "C28b" red  [1m28.2s]
  PASS  tombstone-dropped — removing it turns "C28a" red  [1m32.7s]
  PASS  native-gone-backstop-blind — removing it turns "C39" red  [1m30.3s]
  PASS  native-gone-backstop-trigger-happy — removing it turns "C40" red  [1m32.9s]
  PASS  foreign-original-misclassified — removing it turns "C45" red  [1m32.0s]
  PASS  drift-parked-as-failed — removing it turns "C44" red  [1m44.0s]
  PASS  backoff-ignored — removing it turns "C42" red  [1m09.0s]
  PASS  legacy-failed-parked — removing it turns "C46" red  [1m09.1s]
  PASS  unregistered-native-parked — removing it turns "C43" red  [1m09.1s]
  PASS  native-missing-not-in-done — removing it turns "C47b" red  [1m10.0s]
  PASS  native-presence-unexamined — removing it turns "C47b" red  [1m09.0s]
  PASS  index-failure-swallowed — removing it turns "C29" red  [1m08.4s]
  PASS  missing-blob-accepted — removing it turns "C31" red  [1m09.7s]
  PASS  symlink-target-unchecked — removing it turns "C32" red  [1m10.0s]
  PASS  mode-unchecked — removing it turns "C33" red  [1m02.7s]
  PASS  artifacts-not-private — removing it turns "C34" red  [1m01.1s]
  PASS  budget-ignored — removing it turns "C23" red  [1m01.3s]
  PASS  verified-erasure-reintroduced — removing it turns "C02" red  [59.7s]
  PASS  unregistered-erasure-reintroduced — removing it turns "C49" red  [59.7s]
  PASS  capture-expiry-reintroduced — removing it turns "C35" red  [59.6s]
  [30 mutant(s), 8 at a time, wall 5m39.3s, slowest 1m58.4s status-exit-always-zero, 7.6x serial]

=== mutation: all 30 properties proven load-bearing ===
