== The front door, through AppKit (audit-9 row 2) ==
        1 display(s) awake — the boot can be held to a placement backed by one of them
        the session is unlocked (waited 0s)
        keys from /opt/homebrew/bin/cliclick
        scratch HOME passes the app's own rule: /Users/admin/quota-proof/tmp/richos-front-door-ZWeJm8/home
        bundle 1.2.0, built from 742c7f090f0ae8d6ee7284fe549fc0f52a0ee8be
  PASS  C0  the bundle boots and puts exactly one window on screen  (pid 25098)
        C5  this build's tree does not carry the quit dialog at rest; the closed-sheet box could
            not be calibrated on this run, so on_screen falls back to rejecting only a zero box.
        C5b the door was not on screen before the key, so Return was never put to it. Nothing
            about audit-10 row 2 was measured on this run.
        the first-run queue is drained after 2 Escape(s); the desk is clear
  FAIL  C1  positive control FAILED — nothing typed from outside the app reached the page
        Every check below this line is about a key that never arrived, so they say nothing
        about the product. Fix the control before reading them.
  PASS  C2  positive control — Cmd-K reached main.js's document keydown listener  (the Search
            overlay measures 1400x836 and the desk chrome is gone behind it)
  FAIL  C3  Escape did not close the search overlay — the key did not arrive, or the handler
        did not act. Either way C4 below cannot tell a product defect from a dead key, so
        read it as void rather than as a verdict.
        Search measured '1400x836' open and '1400x836' after Escape
        the first-run queue is drained after 1 Escape(s); the desk is clear
  FAIL  C4  the settings menu did not open, so Escape was never put to it
        Techy Mode measures ''
  PASS  Z   pid 25098 is gone; nothing this run started is still running

  evidence: /Users/admin/quota-proof/tmp/richos-front-door-ZWeJm8  (removed on exit; copy it out of here if a check went red)
  3 passed, 3 failed
  evidence copied to /Users/admin/quota-proof/logs/front-door-evidence
