error: no test target named `autonomy_tests` in `richos-core` package
help: available test targets:
    action_ledger_tests
    belief_precision
    belief_trigger_tests
    between_turn_tests
    between_turn_thread_tests
    company_layer_tests
    correction_forward_compat_tests
    doctrine_sentinel
    entity_binding_tests
    entity_registry_tests
    escalation_source_tests
    feedback_no_outbound_tests
    feedback_surface_tests
    heard_precision
    heard_trigger_tests
    intake_forward_compat_tests
    launch_no_outbound_tests
    ledger_forward_compat_tests
    live_event_tests
    loro_gui_launch_tests
    loro_lane_map_tests
    loro_reprime_tests
    machinery_tests
    native_cancel_tests
    native_onboarding_grant_tests
    onboarding_declination_tests
    onboarding_persistence_tests
    reachability_tests
    registration_tests
    request_preparation_tests
    rotation_tests
    run_tests
    setup
    spine_tests
    spoken_gate_agreement
    spoken_precision
    spoken_trigger_tests
    steering_tests
    timeline_tests
    upstream_classification_tests
    upstream_turn_tests
    watermark_cadence_tests
    work_gate_cost
    worker_attribution_tests
